Traceback (most recent call last):
  File "<string>", line 1, in <module>
  File "E:\resarch\Anaconda3\envs\face2\Lib\multiprocessing\spawn.py", line 122, in spawn_main
    exitcode = _main(fd, parent_sentinel)
               ^^^^^^^^^^^^^^^^^^^^^^^^^^
  File "E:\resarch\Anaconda3\envs\face2\Lib\multiprocessing\spawn.py", line 131, in _main
    prepare(preparation_data)
  File "E:\resarch\Anaconda3\envs\face2\Lib\multiprocessing\spawn.py", line 246, in prepare
    _fixup_main_from_path(data['init_main_from_path'])
  File "E:\resarch\Anaconda3\envs\face2\Lib\multiprocessing\spawn.py", line 297, in _fixup_main_from_path
    main_content = runpy.run_path(main_path,
                   ^^^^^^^^^^^^^^^^^^^^^^^^^
  File "<frozen runpy>", line 291, in run_path
  File "<frozen runpy>", line 98, in _run_module_code
  File "<frozen runpy>", line 88, in _run_code
  File "E:\projects\face2\scripts\so_r1\run_so_r1_b1_baseline_training.py", line 4, in <module>
    from src.skin_optics_so_r1.baseline_training import diagnose_gradient_stability, run, write_failure
  File "E:\projects\face2\src\skin_optics_so_r1\baseline_training.py", line 11, in <module>
    import torch
  File "E:\resarch\Anaconda3\envs\face2\Lib\site-packages\torch\__init__.py", line 130, in <module>
    raise err
OSError: [WinError 1455] 页面文件太小，无法完成操作。 Error loading "E:\resarch\Anaconda3\envs\face2\Lib\site-packages\torch\lib\cublas64_12.dll" or one of its dependencies.
