/home/liqinghao/miniconda3/envs/p0b_deca/lib/python3.9/site-packages/torchvision/models/_utils.py:208: UserWarning: The parameter 'pretrained' is deprecated since 0.13 and may be removed in the future, please use 'weights' instead.
  warnings.warn(
/home/liqinghao/miniconda3/envs/p0b_deca/lib/python3.9/site-packages/torchvision/models/_utils.py:223: UserWarning: Arguments other than a weight enum or `None` for 'weights' are deprecated since 0.13 and may be removed in the future. The current behavior is equivalent to passing `weights=None`.
  warnings.warn(msg)
/mnt/e/projects/face2/third_party/DECA/decalib/deca.py:89: FutureWarning: You are using `torch.load` with `weights_only=False` (the current default value), which uses the default pickle module implicitly. It is possible to construct malicious pickle data which will execute arbitrary code during unpickling (See https://github.com/pytorch/pytorch/blob/main/SECURITY.md#untrusted-models for more details). In a future release, the default value for `weights_only` will be flipped to `True`. This limits the functions that could be executed during unpickling. Arbitrary objects will no longer be allowed to be loaded via this mode unless they are explicitly allowlisted by the user via `torch.serialization.add_safe_globals`. We recommend you start setting `weights_only=True` for any use case where you don't have full control of the loaded file. Please open an issue on GitHub for any issues related to this experimental feature.
  checkpoint = torch.load(model_path)
/home/liqinghao/src/pytorch3d/pytorch3d/io/obj_io.py:552: UserWarning: Mtl file does not exist: /mnt/e/projects/face2/third_party/DECA/data/template.mtl
  warnings.warn(f"Mtl file does not exist: {f}")
/mnt/e/projects/face2/third_party/DECA/decalib/utils/util.py:272: UserWarning: Using torch.cross without specifying the dim arg is deprecated.
Please either pass the dim explicitly or simply use torch.linalg.cross.
The default value of dim will change to agree with that of linalg.cross in a future release. (Triggered internally at ../aten/src/ATen/native/Cross.cpp:62.)
  torch.cross(vertices_faces[:, 2] - vertices_faces[:, 1], vertices_faces[:, 0] - vertices_faces[:, 1]))
/home/liqinghao/miniconda3/envs/p0b_deca/lib/python3.9/site-packages/torchvision/models/_utils.py:208: UserWarning: The parameter 'pretrained' is deprecated since 0.13 and may be removed in the future, please use 'weights' instead.
  warnings.warn(
/home/liqinghao/miniconda3/envs/p0b_deca/lib/python3.9/site-packages/torchvision/models/_utils.py:223: UserWarning: Arguments other than a weight enum or `None` for 'weights' are deprecated since 0.13 and may be removed in the future. The current behavior is equivalent to passing `weights=None`.
  warnings.warn(msg)
/mnt/e/projects/face2/third_party/DECA/decalib/deca.py:89: FutureWarning: You are using `torch.load` with `weights_only=False` (the current default value), which uses the default pickle module implicitly. It is possible to construct malicious pickle data which will execute arbitrary code during unpickling (See https://github.com/pytorch/pytorch/blob/main/SECURITY.md#untrusted-models for more details). In a future release, the default value for `weights_only` will be flipped to `True`. This limits the functions that could be executed during unpickling. Arbitrary objects will no longer be allowed to be loaded via this mode unless they are explicitly allowlisted by the user via `torch.serialization.add_safe_globals`. We recommend you start setting `weights_only=True` for any use case where you don't have full control of the loaded file. Please open an issue on GitHub for any issues related to this experimental feature.
  checkpoint = torch.load(model_path)
/home/liqinghao/src/pytorch3d/pytorch3d/io/obj_io.py:552: UserWarning: Mtl file does not exist: /mnt/e/projects/face2/third_party/DECA/data/template.mtl
  warnings.warn(f"Mtl file does not exist: {f}")
creating the FLAME Decoder
trained model found. load /mnt/e/projects/face2/third_party/DECA/data/deca_model.tar
creating the FLAME Decoder
trained model found. load /mnt/e/projects/face2/third_party/DECA/data/deca_model.tar
{
  "status": "passed",
  "expected_cases": 24,
  "completed_cases": 24,
  "failed_cases": 0,
  "input_modes": [
    "direct_p0_aligned",
    "mask_bbox_crop"
  ],
  "fixed_input_mode": null,
  "results_root": "/mnt/e/projects/face2/data/processed/P0B_DECA_Pilot12_v1/input_mode_comparison",
  "metrics_path": "/mnt/e/projects/face2/data/processed/P0B_DECA_Pilot12_v1/input_mode_comparison/p0b_b1_input_mode_case_metrics.csv",
  "errors_path": "/mnt/e/projects/face2/data/processed/P0B_DECA_Pilot12_v1/input_mode_comparison/p0b_b1_case_errors.jsonl"
}
P0-B1 exit code: 0
